node.exe : [1m[33m[baseline-browser-mapping] The data in this module is over 
two months old.  To ensure accurate Baseline data, please update: `npm i 
baseline-browser-mapping@latest -D`[39m[22m
At C:\Users\Administrator\AppData\Roaming\npm\ng.ps1:24 char:5
+     & "node$exe"  "$basedir/node_modules/@angular/cli/bin/ng.js" $arg ...
+     ~~~~~~~~~~~~~~~~~~~~~~~~~~~~~~~~~~~~~~~~~~~~~~~~~~~~~~~~~~~~~~~~~
    + CategoryInfo          : NotSpecified: ([1m[33m[basel...t -D`[39m[22m 
   :String) [], RemoteException
    + FullyQualifiedErrorId : NativeCommandError
 
[33mΓ¥»[39m Building...
[baseline-browser-mapping] The data in this module is over two months old.  To 
ensure accurate Baseline data, please update: `npm i 
baseline-browser-mapping@latest -D`
[32mΓ£ö[39m Building...
[1mInitial chunk files[22m  [2m | [22m[1mNames[22m                        [2m | [22m [1mRaw size[22m[2m | [22m[1mEstimated transfer size[22m
[32mstyles-3EHT34PA.css[39m  [2m | [22m[2mstyles[22m                       [2m | [22m[36m231.23 kB[39m[2m | [22m               [36m22.55 kB[39m
[32mchunk-MHMFLS5V.js[39m    [2m | [22m[2m-[22m                            [2m | [22m[36m223.82 kB[39m[2m | [22m               [36m64.11 kB[39m
[32mchunk-64P6XPSO.js[39m    [2m | [22m[2m-[22m                            [2m | [22m[36m212.15 kB[39m[2m | [22m               [36m63.76 kB[39m
[32mmain-26BYDHWZ.js[39m     [2m | [22m[2mmain[22m                         [2m | [22m [36m98.46 kB[39m[2m | [22m               [36m17.99 kB[39m
[32mchunk-RE6KZTAG.js[39m    [2m | [22m[2m-[22m                            [2m | [22m [36m79.53 kB[39m[2m | [22m               [36m19.77 kB[39m
[32mchunk-T2YZFPDW.js[39m    [2m | [22m[2m-[22m                            [2m | [22m [36m48.89 kB[39m[2m | [22m                [36m9.82 kB[39m
[32mpolyfills-5CFQRCPP.js[39m[2m | [22m[2mpolyfills[22m                    [2m | [22m [36m34.59 kB[39m[2m | [22m               [36m11.33 kB[39m
[32mchunk-DDYZMGZM.js[39m    [2m | [22m[2m-[22m                            [2m | [22m [36m12.97 kB[39m[2m | [22m                [36m4.07 kB[39m
[32mchunk-NEZ7YDSE.js[39m    [2m | [22m[2m-[22m                            [2m | [22m  [36m1.89 kB[39m[2m | [22m              [36m674 bytes[39m
[32mchunk-AOAQPD4O.js[39m    [2m | [22m[2m-[22m                            [2m | [22m  [36m1.46 kB[39m[2m | [22m              [36m531 bytes[39m
[32mchunk-FDERIQAA.js[39m    [2m | [22m[2m-[22m                            [2m | [22m  [36m1.11 kB[39m[2m | [22m              [36m514 bytes[39m

[1m [22m                    [2m | [22m[1mInitial total[22m                [2m | [22m[1m[93m946.11 kB[39m[22m[2m | [22m              [1m215.12 kB[22m

[1mLazy chunk files[22m     [2m | [22m[1mNames[22m                        [2m | [22m [1mRaw size[22m[2m | [22m[1mEstimated transfer size[22m
[32mchunk-GWIDSTLA.js[39m    [2m | [22m[2m-[22m                            [2m | [22m[36m731.38 kB[39m[2m | [22m              [36m199.72 kB[39m
[32mchunk-KFVPZZ6B.js[39m    [2m | [22m[2mhtml2canvas[22m                  [2m | [22m[36m203.21 kB[39m[2m | [22m               [36m38.50 kB[39m
[32mchunk-XVCZN3M4.js[39m    [2m | [22m[2mindex-es[22m                     [2m | [22m[36m158.68 kB[39m[2m | [22m               [36m46.78 kB[39m
[32mchunk-I7MFC7CD.js[39m    [2m | [22m[2m-[22m                            [2m | [22m [36m81.30 kB[39m[2m | [22m               [36m16.12 kB[39m
[32mchunk-GHCZVVNF.js[39m    [2m | [22m[2mall-requests[22m                 [2m | [22m [36m74.47 kB[39m[2m | [22m               [36m15.54 kB[39m
[32mchunk-S4XIHW3U.js[39m    [2m | [22m[2m-[22m                            [2m | [22m [36m69.28 kB[39m[2m | [22m               [36m15.79 kB[39m
[32mchunk-BER54E7W.js[39m    [2m | [22m[2m-[22m                            [2m | [22m [36m64.07 kB[39m[2m | [22m               [36m10.62 kB[39m
[32mchunk-MPSNCFIB.js[39m    [2m | [22m[2mdashboard-component[22m          [2m | [22m [36m57.07 kB[39m[2m | [22m               [36m13.87 kB[39m
[32mchunk-HUZP5COO.js[39m    [2m | [22m[2m-[22m                            [2m | [22m [36m54.65 kB[39m[2m | [22m               [36m11.98 kB[39m
[32mchunk-ZRICMNCS.js[39m    [2m | [22m[2mweighbridge-charts-component[22m [2m | [22m [36m48.67 kB[39m[2m | [22m               [36m11.05 kB[39m
[32mchunk-B55PKYSY.js[39m    [2m | [22m[2m-[22m                            [2m | [22m [36m39.03 kB[39m[2m | [22m                [36m9.18 kB[39m
[32mchunk-LIFCW3F5.js[39m    [2m | [22m[2mvehicle-reports-component[22m    [2m | [22m [36m37.08 kB[39m[2m | [22m                [36m6.14 kB[39m
[32mchunk-WJQLZOS6.js[39m    [2m | [22m[2mparking-list-component[22m       [2m | [22m [36m34.45 kB[39m[2m | [22m                [36m5.41 kB[39m
[32mchunk-DSYRKLDU.js[39m    [2m | [22m[2minventory-list-component[22m     [2m | [22m [36m29.67 kB[39m[2m | [22m                [36m7.34 kB[39m
[32mchunk-32GBBVB3.js[39m    [2m | [22m[2mtransaction-reports-component[22m[2m | [22m [36m29.54 kB[39m[2m | [22m                [36m5.76 kB[39m
[2m...and 27 more lazy chunks files. Use "--verbose" to show all the files.[22m

Application bundle generation failed. [23.988 seconds] - 2026-03-05T07:02:58.145Z

[1m[33m[33mΓû▓ [43;33m[[43;30mWARNING[43;33m][0m [1mbundle initial 
exceeded maximum budget. Budget 500.00 kB was not met by 446.11 kB with a 
total of 946.11 kB.[0m


[33mΓû▓ [43;33m[[43;30mWARNING[43;33m][0m [1mangular:styles/component:scs
s;2c932b72427fc784abf392cd354bd6cc21b5a36c0042c69c06968fa669c3a1f0;C:/Users/Adm
inistrator/Documents/GitHub/iccc-smart-dashboard/src/app/components/inventory/i
nventory-list/inventory-list.component.ts exceeded maximum budget. Budget 4.00 
kB was not met by 68 bytes with a total of 4.07 kB.[0m


[33mΓû▓ [43;33m[[43;30mWARNING[43;33m][0m [1mangular:styles/component:scs
s;6a7690e9ba27174ae11cf08187237f5d58d5529a8616d3bb8c5e772910d4f2b9;C:/Users/Adm
inistrator/Documents/GitHub/iccc-smart-dashboard/src/app/components/devices/dev
ice-history/device-history.component.ts exceeded maximum budget. Budget 4.00 
kB was not met by 215 bytes with a total of 4.21 kB.[0m


[33mΓû▓ [43;33m[[43;30mWARNING[43;33m][0m [1mangular:styles/component:scs
s;75cb7204a424a23e1e3937c779dadb4fc6d1b17c3849bc0745b8dbfc2afa4656;C:/Users/Adm
inistrator/Documents/GitHub/iccc-smart-dashboard/src/app/components/admin/bus-a
nalytics.component.ts exceeded maximum budget. Budget 4.00 kB was not met by 
223 bytes with a total of 4.22 kB.[0m


[33mΓû▓ [43;33m[[43;30mWARNING[43;33m][0m [1mangular:styles/component:scs
s;12342378277a0f201e4ca47bed12db45088f1f7be8a4025d10352d1d418054d9;C:/Users/Adm
inistrator/Documents/GitHub/iccc-smart-dashboard/src/app/components/admin/anpr-
analytics-table.component.ts exceeded maximum budget. Budget 4.00 kB was not 
met by 1.96 kB with a total of 5.96 kB.[0m


[33mΓû▓ [43;33m[[43;30mWARNING[43;33m][0m [1mangular:styles/component:scs
s;e6aaa2750445eb1919c5579321e8ad894c2287690632c2aa8882484ce8a8c5cd;C:/Users/Adm
inistrator/Documents/GitHub/iccc-smart-dashboard/src/app/components/admin/smc-d
ashboard/weighbridge-charts.component.ts exceeded maximum budget. Budget 4.00 
kB was not met by 2.56 kB with a total of 6.56 kB.[0m


[33mΓû▓ [43;33m[[43;30mWARNING[43;33m][0m [1mangular:styles/component:scs
s;93adf61d27227763ff45127413e935361298ca752626982e4cb4bdd2b1aa37e8;C:/Users/Adm
inistrator/Documents/GitHub/iccc-smart-dashboard/src/app/components/admin/dashb
oard/dashboard.component.ts exceeded maximum budget. Budget 4.00 kB was not 
met by 2.94 kB with a total of 6.94 kB.[0m


[33mΓû▓ [43;33m[[43;30mWARNING[43;33m][0m [1msrc/app/components/admin/par
kadda/vehicle-reports/vehicle-reports.component.scss exceeded maximum budget. 
Budget 4.00 kB was not met by 9.56 kB with a total of 13.56 kB.[0m


[33mΓû▓ [43;33m[[43;30mWARNING[43;33m][0m 
[1msrc/app/components/admin/all-requests/all-requests.scss exceeded maximum 
budget. Budget 4.00 kB was not met by 265 bytes with a total of 4.26 kB.[0m


[33mΓû▓ [43;33m[[43;30mWARNING[43;33m][0m [1mangular:styles/component:scs
s;075ec2f412e1af65b1db0f066dfb6c7bb7001b9b2fd53ab00436a76c238dc178;C:/Users/Adm
inistrator/Documents/GitHub/iccc-smart-dashboard/src/app/components/shared/head
er/header.component.ts exceeded maximum budget. Budget 4.00 kB was not met by 
996 bytes with a total of 5.00 kB.[0m


[33mΓû▓ [43;33m[[43;30mWARNING[43;33m][0m 
[1msrc/app/components/admin/parkadda/parking-list/parking-list.component.scss 
exceeded maximum budget. Budget 4.00 kB was not met by 9.33 kB with a total of 
13.33 kB.[0m


[33mΓû▓ [43;33m[[43;30mWARNING[43;33m][0m [1msrc/app/components/admin/par
kadda/analytics-dashboard/analytics-dashboard.component.scss exceeded maximum 
budget. Budget 4.00 kB was not met by 1.88 kB with a total of 5.88 kB.[0m


[33mΓû▓ [43;33m[[43;30mWARNING[43;33m][0m [1msrc/app/components/admin/par
kadda/transaction-reports/transaction-reports.component.scss exceeded maximum 
budget. Budget 4.00 kB was not met by 4.81 kB with a total of 8.81 kB.[0m


[33mΓû▓ [43;33m[[43;30mWARNING[43;33m][0m [1mModule 
'core-js/modules/es.promise.js' used by 'node_modules/canvg/lib/index.es.js' 
is not ESM[0m

  CommonJS or AMD dependencies can cause optimization bailouts.
  For more information see: 
[4mhttps://angular.dev/tools/cli/build#configuring-commonjs-dependencies[0m


[33mΓû▓ [43;33m[[43;30mWARNING[43;33m][0m [1mModule 
'core-js/modules/es.string.match.js' used by 
'node_modules/canvg/lib/index.es.js' is not ESM[0m

  CommonJS or AMD dependencies can cause optimization bailouts.
  For more information see: 
[4mhttps://angular.dev/tools/cli/build#configuring-commonjs-dependencies[0m


[33mΓû▓ [43;33m[[43;30mWARNING[43;33m][0m [1mModule 
'core-js/modules/es.string.replace.js' used by 
'node_modules/canvg/lib/index.es.js' is not ESM[0m

  CommonJS or AMD dependencies can cause optimization bailouts.
  For more information see: 
[4mhttps://angular.dev/tools/cli/build#configuring-commonjs-dependencies[0m


[33mΓû▓ [43;33m[[43;30mWARNING[43;33m][0m [1mModule 
'core-js/modules/es.string.starts-with.js' used by 
'node_modules/canvg/lib/index.es.js' is not ESM[0m

  CommonJS or AMD dependencies can cause optimization bailouts.
  For more information see: 
[4mhttps://angular.dev/tools/cli/build#configuring-commonjs-dependencies[0m


[33mΓû▓ [43;33m[[43;30mWARNING[43;33m][0m [1mModule 
'core-js/modules/es.array.iterator.js' used by 
'node_modules/canvg/lib/index.es.js' is not ESM[0m

  CommonJS or AMD dependencies can cause optimization bailouts.
  For more information see: 
[4mhttps://angular.dev/tools/cli/build#configuring-commonjs-dependencies[0m


[33mΓû▓ [43;33m[[43;30mWARNING[43;33m][0m [1mModule 
'core-js/modules/web.dom-collections.iterator.js' used by 
'node_modules/canvg/lib/index.es.js' is not ESM[0m

  CommonJS or AMD dependencies can cause optimization bailouts.
  For more information see: 
[4mhttps://angular.dev/tools/cli/build#configuring-commonjs-dependencies[0m


[33mΓû▓ [43;33m[[43;30mWARNING[43;33m][0m [1mModule 
'core-js/modules/es.array.reduce.js' used by 
'node_modules/canvg/lib/index.es.js' is not ESM[0m

  CommonJS or AMD dependencies can cause optimization bailouts.
  For more information see: 
[4mhttps://angular.dev/tools/cli/build#configuring-commonjs-dependencies[0m


[33mΓû▓ [43;33m[[43;30mWARNING[43;33m][0m [1mModule 
'core-js/modules/es.string.ends-with.js' used by 
'node_modules/canvg/lib/index.es.js' is not ESM[0m

  CommonJS or AMD dependencies can cause optimization bailouts.
  For more information see: 
[4mhttps://angular.dev/tools/cli/build#configuring-commonjs-dependencies[0m


[33mΓû▓ [43;33m[[43;30mWARNING[43;33m][0m [1mModule 
'core-js/modules/es.string.split.js' used by 
'node_modules/canvg/lib/index.es.js' is not ESM[0m

  CommonJS or AMD dependencies can cause optimization bailouts.
  For more information see: 
[4mhttps://angular.dev/tools/cli/build#configuring-commonjs-dependencies[0m


[33mΓû▓ [43;33m[[43;30mWARNING[43;33m][0m [1mModule 'raf' used by 
'node_modules/canvg/lib/index.es.js' is not ESM[0m

  CommonJS or AMD dependencies can cause optimization bailouts.
  For more information see: 
[4mhttps://angular.dev/tools/cli/build#configuring-commonjs-dependencies[0m


[33mΓû▓ [43;33m[[43;30mWARNING[43;33m][0m [1mModule 
'core-js/modules/es.string.trim.js' used by 
'node_modules/canvg/lib/index.es.js' is not ESM[0m

  CommonJS or AMD dependencies can cause optimization bailouts.
  For more information see: 
[4mhttps://angular.dev/tools/cli/build#configuring-commonjs-dependencies[0m


[33mΓû▓ [43;33m[[43;30mWARNING[43;33m][0m [1mModule 'rgbcolor' used by 
'node_modules/canvg/lib/index.es.js' is not ESM[0m

  CommonJS or AMD dependencies can cause optimization bailouts.
  For more information see: 
[4mhttps://angular.dev/tools/cli/build#configuring-commonjs-dependencies[0m


[33mΓû▓ [43;33m[[43;30mWARNING[43;33m][0m [1mModule 
'core-js/modules/es.array.index-of.js' used by 
'node_modules/canvg/lib/index.es.js' is not ESM[0m

  CommonJS or AMD dependencies can cause optimization bailouts.
  For more information see: 
[4mhttps://angular.dev/tools/cli/build#configuring-commonjs-dependencies[0m


[33mΓû▓ [43;33m[[43;30mWARNING[43;33m][0m [1mModule 
'core-js/modules/es.string.includes.js' used by 
'node_modules/canvg/lib/index.es.js' is not ESM[0m

  CommonJS or AMD dependencies can cause optimization bailouts.
  For more information see: 
[4mhttps://angular.dev/tools/cli/build#configuring-commonjs-dependencies[0m


[33mΓû▓ [43;33m[[43;30mWARNING[43;33m][0m [1mModule 
'core-js/modules/es.array.reverse.js' used by 
'node_modules/canvg/lib/index.es.js' is not ESM[0m

  CommonJS or AMD dependencies can cause optimization bailouts.
  For more information see: 
[4mhttps://angular.dev/tools/cli/build#configuring-commonjs-dependencies[0m


[33mΓû▓ [43;33m[[43;30mWARNING[43;33m][0m [1mModule 
'core-js/modules/es.regexp.to-string.js' used by 
'node_modules/canvg/lib/index.es.js' is not ESM[0m

  CommonJS or AMD dependencies can cause optimization bailouts.
  For more information see: 
[4mhttps://angular.dev/tools/cli/build#configuring-commonjs-dependencies[0m


[33mΓû▓ [43;33m[[43;30mWARNING[43;33m][0m [1mModule 'html2canvas' used 
by 'node_modules/jspdf/dist/jspdf.es.min.js' is not ESM[0m

  CommonJS or AMD dependencies can cause optimization bailouts.
  For more information see: 
[4mhttps://angular.dev/tools/cli/build#configuring-commonjs-dependencies[0m

[39m[22m
[1m[31m[31mX [41;31m[[41;97mERROR[41;31m][0m [1msrc/app/components/admi
n/parkadda/vehicle-reports/vehicle-reports.component.scss exceeded maximum 
budget. Budget 8.00 kB was not met by 5.57 kB with a total of 13.56 kB.[0m


[31mX [41;31m[[41;97mERROR[41;31m][0m 
[1msrc/app/components/admin/parkadda/parking-list/parking-list.component.scss 
exceeded maximum budget. Budget 8.00 kB was not met by 5.33 kB with a total of 
13.33 kB.[0m


[31mX [41;31m[[41;97mERROR[41;31m][0m [1msrc/app/components/admin/parkadd
a/transaction-reports/transaction-reports.component.scss exceeded maximum 
budget. Budget 8.00 kB was not met by 812 bytes with a total of 8.81 kB.[0m

[39m[22m
